[DATA_POINT]
1="tcp_connect"
2="tcp_connection_count"
3="mic_recv"
4="HTTP_200"
5="mic_pgs"
6="tcp_shutdown"
7="RETRY_KEEP_ALIVE"
[END_TRANSACTION]
26="Crea_D_Patient_Reservation_Query_63"
27="web_D_Patient_Reservation_Query_113"
28="Reservation Update ExamReservation"
29="Upd_D_Patient_Reservation_Query_204"
30="web_D_Patient_Reservation_Query_249"
10="Cr_C_Patient_FilmOperation_Query_52"
11="Film Create Film"
12="Reservation Create ExamReservation"
13="w_C_Patient_FilmOperation_Query_103"
14="Film QueryReportFilmStatus"
15="Reservation QueryReservation"
16="U_C_Patient_FilmOperation_Query_196"
17="Film Update Film"
18="w_C_Patient_FilmOperation_Query_242"
19="Report Create Paper report"
1="http://47.98.102.85/CenterInfoServer/CenterPrintService.asmx"
2="Get2DCodeImag_A_Patient_Register_46"
3="Patient operations_ Get2DCodeImage"
4="http://47.98.102.85/CSService/CSService.asmx"
5="web_custom_r_A_Patient_Register_125"
6="GetPatientQRID"
20="Report QueryReportFilmStatus"
7="http://47.98.102.85/KioskWechatServer/WechatServer"
21="Report Update Paper report"
8="web_Subscrib_A_Patient_Register_164"
22="_B_Patient_ReportOperation_Query_53"
9="Patient Subscribe_Patinet"
23="_B_Patient_ReportOperation_Quer_104"
24="_B_Patient_ReportOperation_Quer_197"
25="_B_Patient_ReportOperation_Quer_242"
