[DATA_POINT]
1="HTTP_302"
2="mic_recv"
3="HTTP_200"
4="HTTP_503"
[END_TRANSACTION]
26="Query ALL"
27="Query ALL_secondPage"
28="Query ALL_ThirdPage"
29="SetTheHoldingTime"
30="SetPrintMode"
10="worklist_query_Patient_PatientName"
11="worklist_query_ACC"
12="ExpandFilmRecord"
13="ExpandReportRecord"
14="SetStatusOfReportWithoutExpand_unprinted"
15="SetStatusOfReportWithoutExpand_printed"
16="SetStatusOfReportWithoutExpand_NOTprinte"
17="SetStatusOfReportWithExpand_unprinted"
18="SetStatusOfReportWithExpand_printed"
19="SetStatusOfReportWithExpand_NOTprinted"
1="User_login"
2="GetDepartmentInfo"
3="Terminal_monitor"
4="WorlkList_Query_randomTime"
5="Worklist_Query_Today"
6="worklist_query_LastTwoToday"
20="SetStatusOfFilmWithoutExpand_unprinted"
7="worklist_query_Lastweek"
21="SetStatusOfFilmWithoutExpand_printed"
8="worklist_query_LastMonth"
22="SetStatusOfFilmWithoutExpand_NOTprinte"
9="worklist_query_Patient_PID"
23="SetStatusOfFilmWithExpand_unprinted"
24="SetStatusOfFilmWithExpand_printed"
25="SetStatusOfFilmWithExpand_NOTprinted"
